{"?xml":{"@version":"1.0","@encoding":"UTF-8","@standalone":"yes"},"IPSEnvelope":{"@xmlns":"ISO200022PayMessageResponse","@xmlns:header":"urn:iso:std:iso:20022:tech:xsd:head.001.001.01","@xmlns:document":"urn:iso:std:iso:20022:tech:xsd:pacs.002.001.09","@xmlns:xsi":"http://www.w3.org/2001/XMLSchema-instance","@xsi:schemaLocation":"ISO200022PayMessageResponse PayMsgRes.xsd","header:AppHdr":{"header:Fr":{"header:FIId":{"header:FinInstnId":{"header:Othr":{"header:Id":"000000000000"}}}},"header:To":{"header:FIId":{"header:FinInstnId":{"header:Othr":{"header:Id":"100000000280"}}}},"header:BizMsgIdr":"B3293075832273010000120011100901","header:MsgDefIdr":"pacs.002.001.09","header:BizSvc":"C23","header:CreDt":"2023-10-20T07:58:34.366Z"},"document:Document":{"document:FIToFIPmtStsRpt":{"document:GrpHdr":{"document:MsgId":"5F05435B62CC4D94A11ED1CBFBDE6091","document:CreDtTm":"2023-10-20T07:58:34.366Z"},"document:TxInfAndSts":{"document:OrgnlEndToEndId":"C2CPush","document:OrgnlTxId":"B3293075832273010000120011100901","document:TxSts":"ACWP","document:StsRsnInf":{"document:Orgtr":{"document:Id":{"document:OrgId":{"document:Othr":{"document:Id":"000000000000"}}}},"document:Rsn":{"document:Prtry":"I00000"},"document:AddtlInf":"OPKC_OK"},"document:AccptncDtTm":"2023-10-20T07:58:32.203Z","document:OrgnlTxRef":{"document:IntrBkSttlmAmt":{"@Ccy":"RUB","#text":"1001101"},"document:IntrBkSttlmDt":"2023-10-19","document:Dbtr":{"document:Pty":{"document:Id":{"document:PrvtId":{"document:Othr":{"document:Id":"0070000000000","document:SchmeNm":{"document:Prtry":"MTEL"}}}}}},"document:DbtrAgt":{"document:FinInstnId":{"document:Othr":{"document:Id":"1crt88888881"}}},"document:CdtrAgt":{"document:FinInstnId":{"document:ClrSysMmbId":{"document:MmbId":"046401989"},"document:Othr":{"document:Id":"100000000280"}}},"document:Cdtr":{"document:Pty":{"document:Id":{"document:PrvtId":{"document:Othr":{"document:Id":"0070110110280","document:SchmeNm":{"document:Prtry":"MTEL"}}}}}}},"document:SplmtryData":{"document:Envlp":{"document:IpsDt":{"document:OperProcDate":"2023-10-20","document:OperDate":"2023-10-20"}}}}}}}}